1	1	0	30
1	2	0	18
1	3	0	13
1	4	0	17
1	1	14	0
1	2	14	9
1	3	14	20
1	4	14	20
