1	1	0	31
1	2	0	17
1	3	0	14
1	4	0	12
1	1	14	45
1	2	14	56
1	3	14	50
1	4	14	40
