1	1	0	60
1	2	0	140
1	1	3	51
1	2	3	125
1	1	11	247
1	2	11	686
1	1	12	305
1	2	12	1205
1	1	13	122
1	2	13	535
1	1	14	767
1	2	14	1926
1	1	15	197
1	2	15	523
1	1	18	2
1	2	18	0
1	1	19	0
1	2	19	0
