1	1	0	61
1	2	0	139
1	1	3	49
1	2	3	118
1	1	11	235
1	2	11	588
1	1	12	324
1	2	12	1031
1	1	13	162
1	2	13	353
1	1	14	755
1	2	14	1768
1	1	15	228
1	2	15	449
1	1	18	6
1	2	18	0
1	1	19	0
1	2	19	0
