1	1	0	488
1	1	1	317
1	1	2	472.644
1	1	3	239
1	1	4	3307.95
1	1	5	1661.52
1	1	6	625
1	0	7	0.127011
1	1	8	385
1	1	10	566079
1	1	11	2646
1	1	12	66
1	1	13	560
1	1	14	19705
1	1	15	1079
1	1	16	0
1	1	17	97
1	1	18	17
1	1	19	203
1	1	20	0
1	1	22	0
1	1	23	0
1	1	24	0
1	1	25	733
1	1	21	63.0812
