1	1	0	30
1	2	0	18
1	3	0	13
1	4	0	13
1	1	14	39
1	2	14	53
1	3	14	51
1	4	14	42
