1	1	0	30
1	2	0	17
1	3	0	14
1	4	0	12
1	1	14	41
1	2	14	49
1	3	14	39
1	4	14	41
