1	1	0	492
1	1	1	310
1	1	2	473.655
1	1	3	224
1	1	4	3271.29
1	1	5	1493.31
1	1	6	649
1	0	7	0.127689
1	1	8	383
1	1	10	534308
1	1	11	2553
1	1	12	57
1	1	13	567
1	1	14	19729
1	1	15	1154
1	1	16	0
1	1	17	106
1	1	18	19
1	1	19	232
1	1	20	0
1	1	22	0
1	1	23	0
1	1	24	0
1	1	25	813
1	1	21	66.7975
