1	1	0	30
1	2	0	18
1	3	0	14
1	4	0	14
1	1	14	36
1	2	14	44
1	3	14	38
1	4	14	43
