1	1	0	30
1	2	0	17
1	3	0	13
1	4	0	15
1	1	14	0
1	2	14	6
1	3	14	11
1	4	14	24
