1	1	0	30
1	2	0	18
1	3	0	12
1	4	0	15
1	1	14	41
1	2	14	48
1	3	14	39
1	4	14	51
