1	1	0	488
1	1	1	314
1	1	2	472.129
1	1	3	222
1	1	4	3276.43
1	1	5	1524.8
1	1	6	671
1	0	7	0.120407
1	1	8	368
1	1	10	534220
1	1	11	2661
1	1	12	61
1	1	13	559
1	1	14	19828
1	1	15	1067
1	1	16	0
1	1	17	114
1	1	18	21
1	1	19	240
1	1	20	0
1	1	22	0
1	1	23	0
1	1	24	0
1	1	25	808
1	1	21	70.1324
