1	1	0	87
1	2	0	113
1	1	3	64
1	2	3	89
1	1	11	228
1	2	11	530
1	1	12	311
1	2	12	826
1	1	13	153
1	2	13	533
1	1	14	856
1	2	14	1465
1	1	15	295
1	2	15	552
1	1	18	7
1	2	18	0
1	1	19	0
1	2	19	0
